---
http_interactions:
- request:
    method: get
    uri: https://app.close.io/api/v1/lead/?query=email:example@example.com
    body:
      encoding: US-ASCII
      string: ''
    headers:
      Accept:
      - application/json
      Authorization:
      - Basic ZDRjOTYwOTdjODY4YjU2NzIwMzU0NmU3MjIwZWNkMjM0MWYwMDhmMjk0M2FjZWRkYzUyMjMyMmQ6
      User-Agent:
      - Faraday v0.9.2
      Accept-Encoding:
      - gzip;q=1.0,deflate;q=0.6,identity;q=0.3
  response:
    status:
      code: 200
      message: OK
    headers:
      Content-Type:
      - application/json
      Date:
      - Wed, 18 May 2016 22:59:27 GMT
      Set-Cookie:
      - session=; Expires=Thu, 01-Jan-1970 00:00:00 GMT; Max-Age=0; Path=/
      Strict-Transport-Security:
      - max-age=31536000; includeSubDomains
      Vary:
      - Accept
      X-Frame-Options:
      - SAMEORIGIN
      Content-Length:
      - '662'
      Connection:
      - keep-alive
    body:
      encoding: ASCII-8BIT
      string: '{"has_more": false, "total_results": 1, "data": [{"tasks": [], "display_name":
        "TEST TEST", "addresses": [], "updated_by": "user_ABOHi4Y53EYGaL6y4ioR2VXABSEPGSQh2xoJHnaiEP9",
        "status_id": "stat_IAcdBqZZTAul6vK2srakLxAyd8Kem3ALHW6MBg12ntc", "date_updated":
        "2016-05-06T17:46:46.840000+00:00", "status_label": "Enrolled", "description":
        "Foo", "contacts": [{"name": "TEST TEST", "title": "", "date_updated": "2015-08-04T20:54:56.554000+00:00",
        "phones": [], "created_by": "user_ABOHi4Y53EYGaL6y4ioR2VXABSEPGSQh2xoJHnaiEP9",
        "id": "cont_FStz8S1Oe1diS12GwlUZM3kd9An7qfrPhTkQ3nyxvoH", "organization_id":
        "orga_IRlZ0dse4odbsGRQCuEZFhRQyFgzcNzvbpIXaeg74pE", "urls": [], "date_created":
        "2015-08-04T20:54:51.401000+00:00", "integration_links": [], "emails": [{"type":
        "office", "email": "example@example.com"}], "updated_by": "user_ABOHi4Y53EYGaL6y4ioR2VXABSEPGSQh2xoJHnaiEP9"}],
        "html_url": "https://app.close.io/lead/lead_4LhIfianLPowbWVnZgOBHQ8Flgm26Wu6YsssnTkKg26/",
        "created_by": "user_ABOHi4Y53EYGaL6y4ioR2VXABSEPGSQh2xoJHnaiEP9", "custom":
        {"Amount paid": 1, "Payment plan": "Standard Plan - $150 then $850"}, "organization_id":
        "orga_IRlZ0dse4odbsGRQCuEZFhRQyFgzcNzvbpIXaeg74pE", "url": null, "date_created":
        "2015-08-04T20:54:51.404000+00:00", "opportunities": [], "created_by_name":
        "Michael Kaiser-Nyman", "integration_links": [], "id": "lead_4LhIfianLPowbWVnZgOBHQ8Flgm26Wu6YsssnTkKg26",
        "updated_by_name": "Michael Kaiser-Nyman", "name": "TEST TEST"}]}'
    http_version: 
  recorded_at: Wed, 18 May 2016 22:59:27 GMT
- request:
    method: get
    uri: https://app.close.io/api/v1/lead/?query=email:example@example.com
    body:
      encoding: US-ASCII
      string: ''
    headers:
      Accept:
      - application/json
      Authorization:
      - Basic ZDRjOTYwOTdjODY4YjU2NzIwMzU0NmU3MjIwZWNkMjM0MWYwMDhmMjk0M2FjZWRkYzUyMjMyMmQ6
      User-Agent:
      - Faraday v0.9.2
      Accept-Encoding:
      - gzip;q=1.0,deflate;q=0.6,identity;q=0.3
  response:
    status:
      code: 200
      message: OK
    headers:
      Content-Type:
      - application/json
      Date:
      - Wed, 18 May 2016 22:59:27 GMT
      Set-Cookie:
      - session=; Expires=Thu, 01-Jan-1970 00:00:00 GMT; Max-Age=0; Path=/
      Strict-Transport-Security:
      - max-age=31536000; includeSubDomains
      Vary:
      - Accept
      X-Frame-Options:
      - SAMEORIGIN
      Content-Length:
      - '662'
      Connection:
      - keep-alive
    body:
      encoding: ASCII-8BIT
      string: '{"has_more": false, "total_results": 1, "data": [{"tasks": [], "display_name":
        "TEST TEST", "addresses": [], "updated_by": "user_ABOHi4Y53EYGaL6y4ioR2VXABSEPGSQh2xoJHnaiEP9",
        "status_id": "stat_IAcdBqZZTAul6vK2srakLxAyd8Kem3ALHW6MBg12ntc", "date_updated":
        "2016-05-06T17:46:46.840000+00:00", "status_label": "Enrolled", "description":
        "Foo", "contacts": [{"name": "TEST TEST", "title": "", "date_updated": "2015-08-04T20:54:56.554000+00:00",
        "phones": [], "created_by": "user_ABOHi4Y53EYGaL6y4ioR2VXABSEPGSQh2xoJHnaiEP9",
        "id": "cont_FStz8S1Oe1diS12GwlUZM3kd9An7qfrPhTkQ3nyxvoH", "organization_id":
        "orga_IRlZ0dse4odbsGRQCuEZFhRQyFgzcNzvbpIXaeg74pE", "urls": [], "date_created":
        "2015-08-04T20:54:51.401000+00:00", "integration_links": [], "emails": [{"type":
        "office", "email": "example@example.com"}], "updated_by": "user_ABOHi4Y53EYGaL6y4ioR2VXABSEPGSQh2xoJHnaiEP9"}],
        "html_url": "https://app.close.io/lead/lead_4LhIfianLPowbWVnZgOBHQ8Flgm26Wu6YsssnTkKg26/",
        "created_by": "user_ABOHi4Y53EYGaL6y4ioR2VXABSEPGSQh2xoJHnaiEP9", "custom":
        {"Amount paid": 1, "Payment plan": "Standard Plan - $150 then $850"}, "organization_id":
        "orga_IRlZ0dse4odbsGRQCuEZFhRQyFgzcNzvbpIXaeg74pE", "url": null, "date_created":
        "2015-08-04T20:54:51.404000+00:00", "opportunities": [], "created_by_name":
        "Michael Kaiser-Nyman", "integration_links": [], "id": "lead_4LhIfianLPowbWVnZgOBHQ8Flgm26Wu6YsssnTkKg26",
        "updated_by_name": "Michael Kaiser-Nyman", "name": "TEST TEST"}]}'
    http_version: 
  recorded_at: Wed, 18 May 2016 22:59:27 GMT
- request:
    method: get
    uri: https://app.close.io/api/v1/lead/?query=email:example@example.com
    body:
      encoding: US-ASCII
      string: ''
    headers:
      Accept:
      - application/json
      Authorization:
      - Basic ZDRjOTYwOTdjODY4YjU2NzIwMzU0NmU3MjIwZWNkMjM0MWYwMDhmMjk0M2FjZWRkYzUyMjMyMmQ6
      User-Agent:
      - Faraday v0.9.2
      Accept-Encoding:
      - gzip;q=1.0,deflate;q=0.6,identity;q=0.3
  response:
    status:
      code: 200
      message: OK
    headers:
      Content-Type:
      - application/json
      Date:
      - Wed, 18 May 2016 22:59:27 GMT
      Set-Cookie:
      - session=; Expires=Thu, 01-Jan-1970 00:00:00 GMT; Max-Age=0; Path=/
      Strict-Transport-Security:
      - max-age=31536000; includeSubDomains
      Vary:
      - Accept
      X-Frame-Options:
      - SAMEORIGIN
      Content-Length:
      - '662'
      Connection:
      - keep-alive
    body:
      encoding: ASCII-8BIT
      string: '{"has_more": false, "total_results": 1, "data": [{"tasks": [], "display_name":
        "TEST TEST", "addresses": [], "updated_by": "user_ABOHi4Y53EYGaL6y4ioR2VXABSEPGSQh2xoJHnaiEP9",
        "status_id": "stat_IAcdBqZZTAul6vK2srakLxAyd8Kem3ALHW6MBg12ntc", "date_updated":
        "2016-05-06T17:46:46.840000+00:00", "status_label": "Enrolled", "description":
        "Foo", "contacts": [{"name": "TEST TEST", "title": "", "date_updated": "2015-08-04T20:54:56.554000+00:00",
        "phones": [], "created_by": "user_ABOHi4Y53EYGaL6y4ioR2VXABSEPGSQh2xoJHnaiEP9",
        "id": "cont_FStz8S1Oe1diS12GwlUZM3kd9An7qfrPhTkQ3nyxvoH", "organization_id":
        "orga_IRlZ0dse4odbsGRQCuEZFhRQyFgzcNzvbpIXaeg74pE", "urls": [], "date_created":
        "2015-08-04T20:54:51.401000+00:00", "integration_links": [], "emails": [{"type":
        "office", "email": "example@example.com"}], "updated_by": "user_ABOHi4Y53EYGaL6y4ioR2VXABSEPGSQh2xoJHnaiEP9"}],
        "html_url": "https://app.close.io/lead/lead_4LhIfianLPowbWVnZgOBHQ8Flgm26Wu6YsssnTkKg26/",
        "created_by": "user_ABOHi4Y53EYGaL6y4ioR2VXABSEPGSQh2xoJHnaiEP9", "custom":
        {"Amount paid": 1, "Payment plan": "Standard Plan - $150 then $850"}, "organization_id":
        "orga_IRlZ0dse4odbsGRQCuEZFhRQyFgzcNzvbpIXaeg74pE", "url": null, "date_created":
        "2015-08-04T20:54:51.404000+00:00", "opportunities": [], "created_by_name":
        "Michael Kaiser-Nyman", "integration_links": [], "id": "lead_4LhIfianLPowbWVnZgOBHQ8Flgm26Wu6YsssnTkKg26",
        "updated_by_name": "Michael Kaiser-Nyman", "name": "TEST TEST"}]}'
    http_version: 
  recorded_at: Wed, 18 May 2016 22:59:27 GMT
- request:
    method: get
    uri: https://app.close.io/api/v1/lead/?query=email:example@example.com
    body:
      encoding: US-ASCII
      string: ''
    headers:
      Accept:
      - application/json
      Authorization:
      - Basic ZDRjOTYwOTdjODY4YjU2NzIwMzU0NmU3MjIwZWNkMjM0MWYwMDhmMjk0M2FjZWRkYzUyMjMyMmQ6
      User-Agent:
      - Faraday v0.9.2
      Accept-Encoding:
      - gzip;q=1.0,deflate;q=0.6,identity;q=0.3
  response:
    status:
      code: 200
      message: OK
    headers:
      Content-Type:
      - application/json
      Date:
      - Wed, 18 May 2016 22:59:27 GMT
      Set-Cookie:
      - session=; Expires=Thu, 01-Jan-1970 00:00:00 GMT; Max-Age=0; Path=/
      Strict-Transport-Security:
      - max-age=31536000; includeSubDomains
      Vary:
      - Accept
      X-Frame-Options:
      - SAMEORIGIN
      Content-Length:
      - '662'
      Connection:
      - keep-alive
    body:
      encoding: ASCII-8BIT
      string: '{"has_more": false, "total_results": 1, "data": [{"tasks": [], "display_name":
        "TEST TEST", "addresses": [], "updated_by": "user_ABOHi4Y53EYGaL6y4ioR2VXABSEPGSQh2xoJHnaiEP9",
        "status_id": "stat_IAcdBqZZTAul6vK2srakLxAyd8Kem3ALHW6MBg12ntc", "date_updated":
        "2016-05-06T17:46:46.840000+00:00", "status_label": "Enrolled", "description":
        "Foo", "contacts": [{"name": "TEST TEST", "title": "", "date_updated": "2015-08-04T20:54:56.554000+00:00",
        "phones": [], "created_by": "user_ABOHi4Y53EYGaL6y4ioR2VXABSEPGSQh2xoJHnaiEP9",
        "id": "cont_FStz8S1Oe1diS12GwlUZM3kd9An7qfrPhTkQ3nyxvoH", "organization_id":
        "orga_IRlZ0dse4odbsGRQCuEZFhRQyFgzcNzvbpIXaeg74pE", "urls": [], "date_created":
        "2015-08-04T20:54:51.401000+00:00", "integration_links": [], "emails": [{"type":
        "office", "email": "example@example.com"}], "updated_by": "user_ABOHi4Y53EYGaL6y4ioR2VXABSEPGSQh2xoJHnaiEP9"}],
        "html_url": "https://app.close.io/lead/lead_4LhIfianLPowbWVnZgOBHQ8Flgm26Wu6YsssnTkKg26/",
        "created_by": "user_ABOHi4Y53EYGaL6y4ioR2VXABSEPGSQh2xoJHnaiEP9", "custom":
        {"Amount paid": 1, "Payment plan": "Standard Plan - $150 then $850"}, "organization_id":
        "orga_IRlZ0dse4odbsGRQCuEZFhRQyFgzcNzvbpIXaeg74pE", "url": null, "date_created":
        "2015-08-04T20:54:51.404000+00:00", "opportunities": [], "created_by_name":
        "Michael Kaiser-Nyman", "integration_links": [], "id": "lead_4LhIfianLPowbWVnZgOBHQ8Flgm26Wu6YsssnTkKg26",
        "updated_by_name": "Michael Kaiser-Nyman", "name": "TEST TEST"}]}'
    http_version: 
  recorded_at: Wed, 18 May 2016 22:59:27 GMT
- request:
    method: get
    uri: https://app.close.io/api/v1/lead/?query=email:example@example.com
    body:
      encoding: US-ASCII
      string: ''
    headers:
      Accept:
      - application/json
      Authorization:
      - Basic ZDRjOTYwOTdjODY4YjU2NzIwMzU0NmU3MjIwZWNkMjM0MWYwMDhmMjk0M2FjZWRkYzUyMjMyMmQ6
      User-Agent:
      - Faraday v0.9.2
      Accept-Encoding:
      - gzip;q=1.0,deflate;q=0.6,identity;q=0.3
  response:
    status:
      code: 200
      message: OK
    headers:
      Content-Type:
      - application/json
      Date:
      - Wed, 18 May 2016 22:59:27 GMT
      Set-Cookie:
      - session=; Expires=Thu, 01-Jan-1970 00:00:00 GMT; Max-Age=0; Path=/
      Strict-Transport-Security:
      - max-age=31536000; includeSubDomains
      Vary:
      - Accept
      X-Frame-Options:
      - SAMEORIGIN
      Content-Length:
      - '662'
      Connection:
      - keep-alive
    body:
      encoding: ASCII-8BIT
      string: '{"has_more": false, "total_results": 1, "data": [{"tasks": [], "display_name":
        "TEST TEST", "addresses": [], "updated_by": "user_ABOHi4Y53EYGaL6y4ioR2VXABSEPGSQh2xoJHnaiEP9",
        "status_id": "stat_IAcdBqZZTAul6vK2srakLxAyd8Kem3ALHW6MBg12ntc", "date_updated":
        "2016-05-06T17:46:46.840000+00:00", "status_label": "Enrolled", "description":
        "Foo", "contacts": [{"name": "TEST TEST", "title": "", "date_updated": "2015-08-04T20:54:56.554000+00:00",
        "phones": [], "created_by": "user_ABOHi4Y53EYGaL6y4ioR2VXABSEPGSQh2xoJHnaiEP9",
        "id": "cont_FStz8S1Oe1diS12GwlUZM3kd9An7qfrPhTkQ3nyxvoH", "organization_id":
        "orga_IRlZ0dse4odbsGRQCuEZFhRQyFgzcNzvbpIXaeg74pE", "urls": [], "date_created":
        "2015-08-04T20:54:51.401000+00:00", "integration_links": [], "emails": [{"type":
        "office", "email": "example@example.com"}], "updated_by": "user_ABOHi4Y53EYGaL6y4ioR2VXABSEPGSQh2xoJHnaiEP9"}],
        "html_url": "https://app.close.io/lead/lead_4LhIfianLPowbWVnZgOBHQ8Flgm26Wu6YsssnTkKg26/",
        "created_by": "user_ABOHi4Y53EYGaL6y4ioR2VXABSEPGSQh2xoJHnaiEP9", "custom":
        {"Amount paid": 1, "Payment plan": "Standard Plan - $150 then $850"}, "organization_id":
        "orga_IRlZ0dse4odbsGRQCuEZFhRQyFgzcNzvbpIXaeg74pE", "url": null, "date_created":
        "2015-08-04T20:54:51.404000+00:00", "opportunities": [], "created_by_name":
        "Michael Kaiser-Nyman", "integration_links": [], "id": "lead_4LhIfianLPowbWVnZgOBHQ8Flgm26Wu6YsssnTkKg26",
        "updated_by_name": "Michael Kaiser-Nyman", "name": "TEST TEST"}]}'
    http_version: 
  recorded_at: Wed, 18 May 2016 22:59:27 GMT
- request:
    method: get
    uri: https://app.close.io/api/v1/lead/?query=email:example@example.com
    body:
      encoding: US-ASCII
      string: ''
    headers:
      Accept:
      - application/json
      Authorization:
      - Basic ZDRjOTYwOTdjODY4YjU2NzIwMzU0NmU3MjIwZWNkMjM0MWYwMDhmMjk0M2FjZWRkYzUyMjMyMmQ6
      User-Agent:
      - Faraday v0.9.2
      Accept-Encoding:
      - gzip;q=1.0,deflate;q=0.6,identity;q=0.3
  response:
    status:
      code: 200
      message: OK
    headers:
      Content-Type:
      - application/json
      Date:
      - Wed, 18 May 2016 22:59:27 GMT
      Set-Cookie:
      - session=; Expires=Thu, 01-Jan-1970 00:00:00 GMT; Max-Age=0; Path=/
      Strict-Transport-Security:
      - max-age=31536000; includeSubDomains
      Vary:
      - Accept
      X-Frame-Options:
      - SAMEORIGIN
      Content-Length:
      - '662'
      Connection:
      - keep-alive
    body:
      encoding: ASCII-8BIT
      string: '{"has_more": false, "total_results": 1, "data": [{"tasks": [], "display_name":
        "TEST TEST", "addresses": [], "updated_by": "user_ABOHi4Y53EYGaL6y4ioR2VXABSEPGSQh2xoJHnaiEP9",
        "status_id": "stat_IAcdBqZZTAul6vK2srakLxAyd8Kem3ALHW6MBg12ntc", "date_updated":
        "2016-05-06T17:46:46.840000+00:00", "status_label": "Enrolled", "description":
        "Foo", "contacts": [{"name": "TEST TEST", "title": "", "date_updated": "2015-08-04T20:54:56.554000+00:00",
        "phones": [], "created_by": "user_ABOHi4Y53EYGaL6y4ioR2VXABSEPGSQh2xoJHnaiEP9",
        "id": "cont_FStz8S1Oe1diS12GwlUZM3kd9An7qfrPhTkQ3nyxvoH", "organization_id":
        "orga_IRlZ0dse4odbsGRQCuEZFhRQyFgzcNzvbpIXaeg74pE", "urls": [], "date_created":
        "2015-08-04T20:54:51.401000+00:00", "integration_links": [], "emails": [{"type":
        "office", "email": "example@example.com"}], "updated_by": "user_ABOHi4Y53EYGaL6y4ioR2VXABSEPGSQh2xoJHnaiEP9"}],
        "html_url": "https://app.close.io/lead/lead_4LhIfianLPowbWVnZgOBHQ8Flgm26Wu6YsssnTkKg26/",
        "created_by": "user_ABOHi4Y53EYGaL6y4ioR2VXABSEPGSQh2xoJHnaiEP9", "custom":
        {"Amount paid": 1, "Payment plan": "Standard Plan - $150 then $850"}, "organization_id":
        "orga_IRlZ0dse4odbsGRQCuEZFhRQyFgzcNzvbpIXaeg74pE", "url": null, "date_created":
        "2015-08-04T20:54:51.404000+00:00", "opportunities": [], "created_by_name":
        "Michael Kaiser-Nyman", "integration_links": [], "id": "lead_4LhIfianLPowbWVnZgOBHQ8Flgm26Wu6YsssnTkKg26",
        "updated_by_name": "Michael Kaiser-Nyman", "name": "TEST TEST"}]}'
    http_version: 
  recorded_at: Wed, 18 May 2016 22:59:27 GMT
recorded_with: VCR 3.0.1
